// Jest Snapshot v1, https://goo.gl/fbAQLP

exports[`Render Review 1`] = `
<div
  className="review"
>
  <blockquote
    className="review__quote"
  >
    <p
      className="review__text"
    >
      Lorem ipsum dolor sit amet, consectetur adipiscing elit, sed do eiusmod tempor incididunt ut labore et dolore magna aliqua.
        Placerat vestibulum lectus mauris ultrices. Ultrices dui sapien eget mi proin. Vitae auctor eu augue ut. Parturient montes nascetur ridiculus mus mauris vitae.
    </p>
    <footer
      className="review__details"
    >
      <cite
        className="review__author"
      >
        Kate Middleton
      </cite>
      <time
        className="review__date"
        dateTime="2016-12-24"
      >
        April 1, 2016
      </time>
    </footer>
  </blockquote>
  <div
    className="review__rating"
  >
    10,0
  </div>
</div>
`;
