// Jest Snapshot v1, https://goo.gl/fbAQLP

exports[`Render MovieCard 1`] = `
<article
  className="small-movie-card undefined"
>
  <div
    className="small-movie-card__image"
  >
    <img
      alt="Fantastic Mr. Fox"
      height="175"
      src="img/fantastic-beasts-the-crimes-of-grindelwald.jpg"
      width="280"
    />
  </div>
  <h3
    className="small-movie-card__title"
    onClick={[Function]}
  >
    <a
      className="small-movie-card__link"
      href="movie-page.html"
    >
      Fantastic Mr. Fox
    </a>
  </h3>
</article>
`;
